[1;38;2;159;224;195m‹••› GREGAL[0m[38;2;174;185;177m │ [0m[38;2;143;185;165mtui-agent[0m[38;2;174;185;177m │ [0m[38;2;222;200;153mmain[0m                                                                                       [38;2;135;151;139mvtest[0m [38;2;174;185;177m│[0m [38;2;135;151;139mtasca  0/0[0m                     
[38;2;38;65;55m─────────────────────────────────────────────────────────·~≈≋≋≋≈~·────────────────────────────────────────────────────────[0m [38;2;174;185;177m│[0m [38;2;174;185;177mcap pas encara[0m                 
                                                                                                                           [38;2;174;185;177m│[0m                                
  [1;38;2;159;224;195m‹••› GREGAL[0m [38;2;135;151;139m[45° NE][0m  [38;2;174;185;177mPreparat per treballar.[0m                                                                            [38;2;174;185;177m│[0m [38;2;135;151;139mcanvis  0[0m                      
                                                                                                                           [38;2;174;185;177m│[0m                                
  [38;2;135;151;139m›[0m [38;2;174;185;177mexplica'm què fa aquest projecte[0m                                                                                       [38;2;174;185;177m│[0m [38;2;135;151;139mcontext[0m                        
  [38;2;135;151;139m›[0m [38;2;174;185;177mafegeix un test a la funció que acabo de tocar[0m                                                                         [38;2;174;185;177m│[0m [1;38;2;125;226;165m0%[0m  ················           
  [38;2;135;151;139m›[0m [38;2;174;185;177mrevisa el diff abans que el committegi[0m                                                                                 [38;2;174;185;177m│[0m                                
  [38;2;135;151;139mShift+Tab mode · / ordres · ? ajuda · rol [0m[1;38;2;143;185;165mchat[0m                                                                           [38;2;174;185;177m│[0m [38;2;135;151;139mvalidació[0m                      
                                                                                                                           [38;2;174;185;177m│[0m [38;2;174;185;177mpendent[0m                        
                                                                                                                           [38;2;174;185;177m│[0m                                
                                                                                                                           [38;2;174;185;177m│[0m                                
                                                                                                                           [38;2;174;185;177m│[0m                                
                                                                                                                           [38;2;174;185;177m│[0m                                
                                                                                                                           [38;2;174;185;177m│[0m                                
                                                                                                                           [38;2;174;185;177m│[0m                                
                                                                                                                           [38;2;174;185;177m│[0m                                
                                                                                                                           [38;2;174;185;177m│[0m                                
                                                                                                                           [38;2;174;185;177m│[0m                                
                                                                                                                           [38;2;174;185;177m│[0m                                
                                                                                                                           [38;2;174;185;177m│[0m                                
                                                                                                                           [38;2;174;185;177m│[0m                                
                                                                                                                           [38;2;174;185;177m│[0m                                
                                                                                                                           [38;2;174;185;177m│[0m                                
                                                                                                                           [38;2;174;185;177m│[0m                                
                                                                                                                           [38;2;174;185;177m│[0m                                
                                                                                                                           [38;2;174;185;177m│[0m                                
                                                                                                                           [38;2;174;185;177m│[0m                                
                                                                                                                           [38;2;174;185;177m│[0m                                
                                                                                                                           [38;2;174;185;177m│[0m                                
                                                                                                                           [38;2;174;185;177m│[0m                                
                                                                                                                           [38;2;174;185;177m│[0m                                
                                                                                                                           [38;2;174;185;177m│[0m                                
                                                                                                                           [38;2;174;185;177m│[0m                                
                                                                                                                           [38;2;174;185;177m│[0m                                
[38;2;222;200;153m╭────────────────────────────────────────────────────────────────────────────────────────────────────────────────────────╮[0m [38;2;174;185;177m│[0m                                
[38;2;222;200;153m│[0m[48;2;30;35;32m [0m[48;2;30;35;32m[1;38;2;159;224;195m❯ [0m[7mE[0m[38;5;240mscriu una instrucció o comanda (/ per menú)…[0m                                                                       [0m[48;2;30;35;32m [0m[38;2;222;200;153m│[0m [38;2;174;185;177m│[0m                                
[38;2;222;200;153m│[0m[48;2;30;35;32m [0m[48;2;30;35;32m[1;38;2;222;200;153m● CODE[0m[38;2;174;185;177m · p/model-prova[0m                                                                               [38;2;135;151;139m↵ envia · ? ajuda[0m[0m[48;2;30;35;32m [0m[38;2;222;200;153m│[0m [38;2;174;185;177m│[0m                                
[38;2;222;200;153m╰────────────────────────────────────────────────────────────────────────────────────────────────────────────────────────╯[0m [38;2;174;185;177m│[0m                                
[48;2;222;200;153m [0m[1;38;2;23;26;25;48;2;222;200;153mCODE[0m[48;2;222;200;153m [0m  [38;2;143;185;165mC:/Users/usera/tui-agent[0m [38;2;174;185;177mabast: projecte[0m  [1;38;2;125;226;165mctx 0%[0m                                                    [1;38;2;125;226;165m≋‹••› llest[0m  [38;2;174;185;177m■[0m [38;2;174;185;177m│[0m                                