[1;38;2;14;140;116m‹••› GREGAL[0m[38;2;81;97;107m │ [0m[38;2;14;116;144mtui-agent[0m[38;2;81;97;107m │ [0m[38;2;154;107;18mmain[0m                                               [38;2;95;110;120mvtest[0m [38;2;81;97;107m│[0m [38;2;95;110;120mtasca  1/4[0m                     
[38;2;203;213;220m─────────────────────────────────────·~≈≋≋≋≈~·────────────────────────────────────[0m [38;2;81;97;107m│[0m [1;38;2;21;128;60m✓[0m [38;2;81;97;107mLlegir config.go[0m             
                                                                                   [38;2;81;97;107m│[0m [1;38;2;154;107;18m◌[0m Afegir el camp Timeout       
[38;2;95;110;120mTU Afegeix un camp Timeout al config i propaga'l al client                        [0m [38;2;81;97;107m│[0m [38;2;81;97;107m☐[0m Propagar-lo al client        
[38;2;95;110;120m│ ✓ read internal/config/config.go  · 9 línies                                    [0m [38;2;81;97;107m│[0m [38;2;81;97;107m☐[0m Tests                        
[38;2;95;110;120m│ ✓ grep «Timeout» a internal  · 2 resultats                                      [0m [38;2;81;97;107m│[0m                                
[38;2;95;110;120m│ ✓ web_fetch https://go.dev/blog/loopvar-preview  · Fixing For Loops in Go 1.22 ·[0m [38;2;81;97;107m│[0m [38;2;95;110;120mcanvis  1[0m                      
[38;2;95;110;120mcontingut principal                                                               [0m [38;2;81;97;107m│[0m internal/config/config.go      
[38;2;95;110;120m│ ✓ edit internal/config/config.go                                                [0m [38;2;81;97;107m│[0m                                
[38;2;95;110;120m│     type Config struct {                                                        [0m [38;2;81;97;107m│[0m [38;2;95;110;120mcontext[0m                        
[38;2;95;110;120m│   +     Timeout int `yaml:"timeout"`                                            [0m [38;2;81;97;107m│[0m [1;38;2;21;128;60m0%[0m  ················           
[38;2;95;110;120m│         Providers map[string]Provider                                           [0m [38;2;81;97;107m│[0m                                
[38;2;95;110;120m│     }                                                                           [0m [38;2;81;97;107m│[0m [38;2;95;110;120mvalidació[0m                      
[38;2;95;110;120m│ ✗ bash go test ./internal/config/                                               [0m [38;2;81;97;107m│[0m [1;38;2;220;38;38m✗ bash[0m                         
[38;2;95;110;120m│   E[0m[38;2;14;140;116m╭──────────────────────────────────────────────────────────────────────╮[0m[38;2;95;110;120m     [0m [38;2;81;97;107m│[0m                                
[38;2;95;110;120m│   #[0m[38;2;14;140;116m│[0m[48;2;255;255;255m [0m[48;2;255;255;255m[1;38;2;154;107;18m? Quin format vols per al fitxer de sortida?[0m[0m[48;2;255;255;255m [0m[48;2;255;255;255m                        [0m[38;2;14;140;116m│[0m[38;2;95;110;120m     [0m [38;2;81;97;107m│[0m                                
[38;2;95;110;120m│   i[0m[38;2;14;140;116m│[0m[48;2;255;255;255m [0m[48;2;255;255;255m[1;38;2;21;128;60m▸[0m 1 · JSON[38;2;81;97;107m — una línia per registre[0m[0m[48;2;255;255;255m [0m[48;2;255;255;255m                                 [0m[38;2;14;140;116m│[0m[38;2;95;110;120m     [0m [38;2;81;97;107m│[0m                                
[38;2;95;110;120m│ ✓ t[0m[38;2;14;140;116m│[0m[48;2;255;255;255m [0m[48;2;255;255;255m  2 · CSV[0m[48;2;255;255;255m [0m[48;2;255;255;255m                                                           [0m[38;2;14;140;116m│[0m[38;2;95;110;120m     [0m [38;2;81;97;107m│[0m                                
[38;2;95;110;120m│   t[0m[38;2;14;140;116m│[0m[48;2;255;255;255m [0m[48;2;255;255;255m  3 · YAML[38;2;81;97;107m — llegible a mà[0m[0m[48;2;255;255;255m [0m[48;2;255;255;255m                                          [0m[38;2;14;140;116m│[0m[38;2;95;110;120m     [0m [38;2;81;97;107m│[0m                                
[38;2;95;110;120m│   ✓[0m[38;2;14;140;116m│[0m[48;2;255;255;255m [0m[48;2;255;255;255m[38;2;81;97;107m✎ Escriu la teva opció a sota…[0m[0m[48;2;255;255;255m [0m[48;2;255;255;255m                                      [0m[38;2;14;140;116m│[0m[38;2;95;110;120m     [0m [38;2;81;97;107m│[0m                                
[38;2;95;110;120m│   ◌[0m[38;2;14;140;116m│[0m[48;2;255;255;255m [0m[48;2;255;255;255m[38;2;95;110;120m1-3 ↑↓ mou · Enter tria · escriu lliure + Enter · Esc continua sol[0m[0m[48;2;255;255;255m [0m[48;2;255;255;255m  [0m[38;2;14;140;116m│[0m[38;2;95;110;120m     [0m [38;2;81;97;107m│[0m                                
[38;2;95;110;120m     [0m[38;2;14;140;116m╰──────────────────────────────────────────────────────────────────────╯[0m[38;2;95;110;120m     [0m [38;2;81;97;107m│[0m                                
[38;2;95;110;120mHe afegit el camp Timeout a Config. Ara toca propagar-lo:                         [0m [38;2;81;97;107m│[0m                                
[38;2;95;110;120m                                                                                  [0m [38;2;81;97;107m│[0m                                
[38;2;95;110;120m1. internal/llm/client.go: llegir cfg.Timeout                                     [0m [38;2;81;97;107m│[0m                                
[38;2;95;110;120m2. Tests a config_test.go                                                         [0m [38;2;81;97;107m│[0m                                
[38;2;95;110;120m                                                                                  [0m [38;2;81;97;107m│[0m                                
[38;2;95;110;120m  func New(timeout time.Duration) *Client {                                       [0m [38;2;81;97;107m│[0m                                
[38;2;95;110;120m      return &Client{hc: &http.Client{Timeout: timeout}}                          [0m [38;2;81;97;107m│[0m                                
[38;2;95;110;120m  }                                                                               [0m [38;2;81;97;107m│[0m                                
[38;2;95;110;120m                                                                                  [0m [38;2;81;97;107m│[0m                                
[38;2;95;110;120mNota: el valor per defecte segueix sent 180 s.                                    [0m [38;2;81;97;107m│[0m                                
[38;2;95;110;120m                                                                                  [0m [38;2;81;97;107m│[0m                                
[38;2;95;110;120mresum del torn · 6 eines · 1 fitxer · 1 error · 42s                               [0m [38;2;81;97;107m│[0m                                
                                                                                   [38;2;81;97;107m│[0m                                
[38;2;154;107;18m╭────────────────────────────────────────────────────────────────────────────────╮[0m [38;2;81;97;107m│[0m                                
[38;2;154;107;18m│[0m[48;2;255;255;255m [0m[48;2;255;255;255m[1;38;2;14;140;116m❯ [0m[7mE[0m[38;5;240mscriu una instrucció o comanda (/ per menú)…[0m                               [0m[48;2;255;255;255m [0m[38;2;154;107;18m│[0m [38;2;81;97;107m│[0m                                
[38;2;154;107;18m│[0m[48;2;255;255;255m [0m[48;2;255;255;255m[1;38;2;154;107;18m● CODE[0m[38;2;81;97;107m · p/model-prova[0m                                       [38;2;95;110;120m↵ envia · ? ajuda[0m[0m[48;2;255;255;255m [0m[38;2;154;107;18m│[0m [38;2;81;97;107m│[0m                                
[38;2;154;107;18m╰────────────────────────────────────────────────────────────────────────────────╯[0m [38;2;81;97;107m│[0m                                
[48;2;154;107;18m [0m[1;38;2;255;255;255;48;2;154;107;18mCODE[0m[48;2;154;107;18m [0m  [38;2;14;116;144mtui-agent[0m  [1;38;2;21;128;60mctx 0%[0m         [1;38;2;154;107;18m≋‹••› ? tria amb ↑↓+Enter (1-4 o text lliure)[0m  [38;2;81;97;107m■[0m [38;2;81;97;107m│[0m                                