[1;38;2;159;224;195m‹••› GREGAL[0m[38;2;174;185;177m │ [0m[38;2;143;185;165mtui-agent[0m[38;2;174;185;177m │ [0m[38;2;222;200;153mmain[0m                                               [38;2;135;151;139mvtest[0m [38;2;174;185;177m│[0m [38;2;135;151;139mtasca  1/4[0m                     
[38;2;38;65;55m─────────────────────────────────────·~≈≋≋≋≈~·────────────────────────────────────[0m [38;2;174;185;177m│[0m [1;38;2;125;226;165m✓[0m [38;2;174;185;177mLlegir config.go[0m             
                                                                                   [38;2;174;185;177m│[0m [1;38;2;222;200;153m◌[0m Afegir el camp Timeout       
[38;2;135;151;139mTU Afegeix un camp Timeout al config i propaga'l al client                        [0m [38;2;174;185;177m│[0m [38;2;174;185;177m☐[0m Propagar-lo al client        
[38;2;135;151;139m│ ✓ read internal/config/config.go  · 9 línies                                    [0m [38;2;174;185;177m│[0m [38;2;174;185;177m☐[0m Tests                        
[38;2;135;151;139m│ ✓ grep «Timeout» a internal  · 2 resultats                                      [0m [38;2;174;185;177m│[0m                                
[38;2;135;151;139m│ ✓ web_fetch https://go.dev/blog/loopvar-preview  · Fixing For Loops in Go 1.22 ·[0m [38;2;174;185;177m│[0m [38;2;135;151;139mcanvis  1[0m                      
[38;2;135;151;139mcontingut principal                                                               [0m [38;2;174;185;177m│[0m internal/config/config.go      
[38;2;135;151;139m│ ✓ edit internal/config/config.go                                                [0m [38;2;174;185;177m│[0m                                
[38;2;135;151;139m│     type Config struct {                                                        [0m [38;2;174;185;177m│[0m [38;2;135;151;139mcontext[0m                        
[38;2;135;151;139m│   +     Timeout int `yaml:"timeout"`                                            [0m [38;2;174;185;177m│[0m [1;38;2;125;226;165m0%[0m  ················           
[38;2;135;151;139m│         Providers map[string]Provider                                           [0m [38;2;174;185;177m│[0m                                
[38;2;135;151;139m│     }                                                                           [0m [38;2;174;185;177m│[0m [38;2;135;151;139mvalidació[0m                      
[38;2;135;151;139m│ ✗ bash go test ./internal/config/                                               [0m [38;2;174;185;177m│[0m [1;38;2;239;141;130m✗ bash[0m                         
[38;2;135;151;139m│   E[0m[38;2;159;224;195m╭──────────────────────────────────────────────────────────────────────╮[0m[38;2;135;151;139m     [0m [38;2;174;185;177m│[0m                                
[38;2;135;151;139m│   #[0m[38;2;159;224;195m│[0m[48;2;30;35;32m [0m[48;2;30;35;32m[1;38;2;222;200;153m? Quin format vols per al fitxer de sortida?[0m[0m[48;2;30;35;32m [0m[48;2;30;35;32m                        [0m[38;2;159;224;195m│[0m[38;2;135;151;139m     [0m [38;2;174;185;177m│[0m                                
[38;2;135;151;139m│   i[0m[38;2;159;224;195m│[0m[48;2;30;35;32m [0m[48;2;30;35;32m[1;38;2;125;226;165m▸[0m 1 · JSON[38;2;174;185;177m — una línia per registre[0m[0m[48;2;30;35;32m [0m[48;2;30;35;32m                                 [0m[38;2;159;224;195m│[0m[38;2;135;151;139m     [0m [38;2;174;185;177m│[0m                                
[38;2;135;151;139m│ ✓ t[0m[38;2;159;224;195m│[0m[48;2;30;35;32m [0m[48;2;30;35;32m  2 · CSV[0m[48;2;30;35;32m [0m[48;2;30;35;32m                                                           [0m[38;2;159;224;195m│[0m[38;2;135;151;139m     [0m [38;2;174;185;177m│[0m                                
[38;2;135;151;139m│   t[0m[38;2;159;224;195m│[0m[48;2;30;35;32m [0m[48;2;30;35;32m  3 · YAML[38;2;174;185;177m — llegible a mà[0m[0m[48;2;30;35;32m [0m[48;2;30;35;32m                                          [0m[38;2;159;224;195m│[0m[38;2;135;151;139m     [0m [38;2;174;185;177m│[0m                                
[38;2;135;151;139m│   ✓[0m[38;2;159;224;195m│[0m[48;2;30;35;32m [0m[48;2;30;35;32m[38;2;174;185;177m✎ Escriu la teva opció a sota…[0m[0m[48;2;30;35;32m [0m[48;2;30;35;32m                                      [0m[38;2;159;224;195m│[0m[38;2;135;151;139m     [0m [38;2;174;185;177m│[0m                                
[38;2;135;151;139m│   ◌[0m[38;2;159;224;195m│[0m[48;2;30;35;32m [0m[48;2;30;35;32m[38;2;135;151;139m1-3 ↑↓ mou · Enter tria · escriu lliure + Enter · Esc continua sol[0m[0m[48;2;30;35;32m [0m[48;2;30;35;32m  [0m[38;2;159;224;195m│[0m[38;2;135;151;139m     [0m [38;2;174;185;177m│[0m                                
[38;2;135;151;139m     [0m[38;2;159;224;195m╰──────────────────────────────────────────────────────────────────────╯[0m[38;2;135;151;139m     [0m [38;2;174;185;177m│[0m                                
[38;2;135;151;139mHe afegit el camp Timeout a Config. Ara toca propagar-lo:                         [0m [38;2;174;185;177m│[0m                                
[38;2;135;151;139m                                                                                  [0m [38;2;174;185;177m│[0m                                
[38;2;135;151;139m1. internal/llm/client.go: llegir cfg.Timeout                                     [0m [38;2;174;185;177m│[0m                                
[38;2;135;151;139m2. Tests a config_test.go                                                         [0m [38;2;174;185;177m│[0m                                
[38;2;135;151;139m                                                                                  [0m [38;2;174;185;177m│[0m                                
[38;2;135;151;139m  func New(timeout time.Duration) *Client {                                       [0m [38;2;174;185;177m│[0m                                
[38;2;135;151;139m      return &Client{hc: &http.Client{Timeout: timeout}}                          [0m [38;2;174;185;177m│[0m                                
[38;2;135;151;139m  }                                                                               [0m [38;2;174;185;177m│[0m                                
[38;2;135;151;139m                                                                                  [0m [38;2;174;185;177m│[0m                                
[38;2;135;151;139mNota: el valor per defecte segueix sent 180 s.                                    [0m [38;2;174;185;177m│[0m                                
[38;2;135;151;139m                                                                                  [0m [38;2;174;185;177m│[0m                                
[38;2;135;151;139mresum del torn · 6 eines · 1 fitxer · 1 error · 42s                               [0m [38;2;174;185;177m│[0m                                
                                                                                   [38;2;174;185;177m│[0m                                
[38;2;222;200;153m╭────────────────────────────────────────────────────────────────────────────────╮[0m [38;2;174;185;177m│[0m                                
[38;2;222;200;153m│[0m[48;2;30;35;32m [0m[48;2;30;35;32m[1;38;2;159;224;195m❯ [0m[7mE[0m[38;5;240mscriu una instrucció o comanda (/ per menú)…[0m                               [0m[48;2;30;35;32m [0m[38;2;222;200;153m│[0m [38;2;174;185;177m│[0m                                
[38;2;222;200;153m│[0m[48;2;30;35;32m [0m[48;2;30;35;32m[1;38;2;222;200;153m● CODE[0m[38;2;174;185;177m · p/model-prova[0m                                       [38;2;135;151;139m↵ envia · ? ajuda[0m[0m[48;2;30;35;32m [0m[38;2;222;200;153m│[0m [38;2;174;185;177m│[0m                                
[38;2;222;200;153m╰────────────────────────────────────────────────────────────────────────────────╯[0m [38;2;174;185;177m│[0m                                
[48;2;222;200;153m [0m[1;38;2;23;26;25;48;2;222;200;153mCODE[0m[48;2;222;200;153m [0m  [38;2;143;185;165mtui-agent[0m  [1;38;2;125;226;165mctx 0%[0m         [1;38;2;222;200;153m≋‹••› ? tria amb ↑↓+Enter (1-4 o text lliure)[0m  [38;2;174;185;177m■[0m [38;2;174;185;177m│[0m                                