[1;38;2;14;140;116m‹••› GREGAL[0m[38;2;81;97;107m │ [0m[38;2;14;116;144mtui-agent[0m[38;2;81;97;107m │ [0m[38;2;154;107;18mmain[0m                                                                                       [38;2;95;110;120mvtest[0m [38;2;81;97;107m│[0m [38;2;95;110;120mtasca  1/4[0m                     
[38;2;203;213;220m─────────────────────────────────────────────────────────·~≈≋≋≋≈~·────────────────────────────────────────────────────────[0m [38;2;81;97;107m│[0m [1;38;2;21;128;60m✓[0m [38;2;81;97;107mLlegir config.go[0m             
                                                                                                                           [38;2;81;97;107m│[0m [1;38;2;154;107;18m◌[0m Afegir el camp Timeout       
[38;2;95;110;120m                                                                                                                          [0m [38;2;81;97;107m│[0m [38;2;81;97;107m☐[0m Propagar-lo al client        
[38;2;95;110;120mTU Afegeix un camp Timeout al config i propaga'l al client                                                                [0m [38;2;81;97;107m│[0m [38;2;81;97;107m☐[0m Tests                        
[38;2;95;110;120m│ ✓ read internal/config/config.go  · 9 línies                                                                            [0m [38;2;81;97;107m│[0m                                
[38;2;95;110;120m│ ✓ grep «Timeout» a internal  · 2 resultats                                                                              [0m [38;2;81;97;107m│[0m [38;2;95;110;120mcanvis  1[0m                      
[38;2;95;110;120m│ ✓ web_fetch https://go.dev/blog/loopvar-preview  · Fixing For Loops in Go 1.22 · contingut principal                    [0m [38;2;81;97;107m│[0m internal/config/config.go      
[38;2;95;110;120m│ ✓ edit internal/config/config.go                                                                                        [0m [38;2;81;97;107m│[0m                                
[38;2;95;110;120m│     type Config struct {                                                                                                [0m [38;2;81;97;107m│[0m [38;2;95;110;120mcontext[0m                        
[38;2;95;110;120m│   +     Timeout int `yaml:"timeout"`                                                                                    [0m [38;2;81;97;107m│[0m [1;38;2;21;128;60m0%[0m  ················           
[38;2;95;110;120m│         Providers map[string]Provider                                                                                   [0m [38;2;81;97;107m│[0m                                
[38;2;95;110;120m│     }                  [0m[38;2;14;140;116m╭──────────────────────────────────────────────────────────────────────╮[0m[38;2;95;110;120m                         [0m [38;2;81;97;107m│[0m [38;2;95;110;120mvalidació[0m                      
[38;2;95;110;120m│ ✗ bash go test ./intern[0m[38;2;14;140;116m│[0m[48;2;255;255;255m [0m[48;2;255;255;255m[1;38;2;154;107;18m◆ configuració                                                  [38;2;95;110;120m1/13[0m[0m[0m[48;2;255;255;255m [0m[38;2;14;140;116m│[0m[38;2;95;110;120m                         [0m [38;2;81;97;107m│[0m [1;38;2;220;38;38m✗ bash[0m                         
[38;2;95;110;120m│   ERROR: exit status 1 [0m[38;2;14;140;116m│[0m[48;2;255;255;255m [0m[48;2;255;255;255m[1;38;2;255;255;255;48;2;14;140;116m▸ mode        code[0m[48;2;14;140;116m                                                  [0m[0m[48;2;255;255;255m [0m[38;2;14;140;116m│[0m[38;2;95;110;120m                         [0m [38;2;81;97;107m│[0m                                
[38;2;95;110;120m│   # gregal/internal/con[0m[38;2;14;140;116m│[0m[48;2;255;255;255m [0m[48;2;255;255;255m[38;2;81;97;107m  rol         chat  (p/model-prova)[0m[0m[48;2;255;255;255m [0m[48;2;255;255;255m                                 [0m[38;2;14;140;116m│[0m[38;2;95;110;120m                         [0m [38;2;81;97;107m│[0m                                
[38;2;95;110;120m│   internal/config/confi[0m[38;2;14;140;116m│[0m[48;2;255;255;255m [0m[48;2;255;255;255m[38;2;81;97;107m  model       p/model-prova[0m[0m[48;2;255;255;255m [0m[48;2;255;255;255m                                         [0m[38;2;14;140;116m│[0m[38;2;95;110;120m                         [0m [38;2;81;97;107m│[0m                                
[38;2;95;110;120m│ ✓ todowrite 1/2 passos [0m[38;2;14;140;116m│[0m[48;2;255;255;255m [0m[48;2;255;255;255m[38;2;81;97;107m  clau d'API  p ((buida))[0m[0m[48;2;255;255;255m [0m[48;2;255;255;255m                                           [0m[38;2;14;140;116m│[0m[38;2;95;110;120m                         [0m [38;2;81;97;107m│[0m                                
[38;2;95;110;120m│   todos 1/2:           [0m[38;2;14;140;116m│[0m[48;2;255;255;255m [0m[48;2;255;255;255m[38;2;81;97;107m  tema        clar[0m[0m[48;2;255;255;255m [0m[48;2;255;255;255m                                                  [0m[38;2;14;140;116m│[0m[38;2;95;110;120m                         [0m [38;2;81;97;107m│[0m                                
[38;2;95;110;120m│   ✓ a                  [0m[38;2;14;140;116m│[0m[48;2;255;255;255m [0m[48;2;255;255;255m[38;2;81;97;107m  revisor     manual  (/)[0m[0m[48;2;255;255;255m [0m[48;2;255;255;255m                                           [0m[38;2;14;140;116m│[0m[38;2;95;110;120m                         [0m [38;2;81;97;107m│[0m                                
[38;2;95;110;120m│   ◌ b                  [0m[38;2;14;140;116m│[0m[48;2;255;255;255m [0m[48;2;255;255;255m[38;2;81;97;107m  permisos    allow · ask · deny[0m[0m[48;2;255;255;255m [0m[48;2;255;255;255m                                    [0m[38;2;14;140;116m│[0m[38;2;95;110;120m                         [0m [38;2;81;97;107m│[0m                                
[38;2;95;110;120m                         [0m[38;2;14;140;116m│[0m[48;2;255;255;255m [0m[48;2;255;255;255m[38;2;81;97;107m  providers   1 endpoints configurats[0m[0m[48;2;255;255;255m [0m[48;2;255;255;255m                               [0m[38;2;14;140;116m│[0m[38;2;95;110;120m                         [0m [38;2;81;97;107m│[0m                                
[38;2;95;110;120mHe afegit el camp Timeout[0m[38;2;14;140;116m│[0m[48;2;255;255;255m [0m[48;2;255;255;255m[38;2;95;110;120m↑↓ mou · Enter obre · escriu per filtrar · Esc torna[0m[0m[48;2;255;255;255m [0m[48;2;255;255;255m                [0m[38;2;14;140;116m│[0m[38;2;95;110;120m                         [0m [38;2;81;97;107m│[0m                                
[38;2;95;110;120m                         [0m[38;2;14;140;116m╰──────────────────────────────────────────────────────────────────────╯[0m[38;2;95;110;120m                         [0m [38;2;81;97;107m│[0m                                
[38;2;95;110;120m1. internal/llm/client.go: llegir cfg.Timeout                                                                             [0m [38;2;81;97;107m│[0m                                
[38;2;95;110;120m2. Tests a config_test.go                                                                                                 [0m [38;2;81;97;107m│[0m                                
[38;2;95;110;120m                                                                                                                          [0m [38;2;81;97;107m│[0m                                
[38;2;95;110;120m  func New(timeout time.Duration) *Client {                                                                               [0m [38;2;81;97;107m│[0m                                
[38;2;95;110;120m      return &Client{hc: &http.Client{Timeout: timeout}}                                                                  [0m [38;2;81;97;107m│[0m                                
[38;2;95;110;120m  }                                                                                                                       [0m [38;2;81;97;107m│[0m                                
[38;2;95;110;120m                                                                                                                          [0m [38;2;81;97;107m│[0m                                
[38;2;95;110;120mNota: el valor per defecte segueix sent 180 s.                                                                            [0m [38;2;81;97;107m│[0m                                
[38;2;95;110;120m                                                                                                                          [0m [38;2;81;97;107m│[0m                                
[38;2;95;110;120mresum del torn · 6 eines · 1 fitxer · 1 error · 42s                                                                       [0m [38;2;81;97;107m│[0m                                
                                                                                                                           [38;2;81;97;107m│[0m                                
[38;2;81;97;107m╭────────────────────────────────────────────────────────────────────────────────────────────────────────────────────────╮[0m [38;2;81;97;107m│[0m                                
[38;2;81;97;107m│[0m[48;2;255;255;255m [0m[48;2;255;255;255m[1;38;2;14;140;116m❯ [0m[7mE[0m[38;5;240mscriu una instrucció o comanda (/ per menú)…[0m                                                                       [0m[48;2;255;255;255m [0m[38;2;81;97;107m│[0m [38;2;81;97;107m│[0m                                
[38;2;81;97;107m│[0m[48;2;255;255;255m [0m[48;2;255;255;255m[38;2;95;110;120m◇ SELECTOR ACTIU  usa les fletxes · Enter · Esc[0m[0m[48;2;255;255;255m [0m[48;2;255;255;255m                                                                       [0m[38;2;81;97;107m│[0m [38;2;81;97;107m│[0m                                
[38;2;81;97;107m╰────────────────────────────────────────────────────────────────────────────────────────────────────────────────────────╯[0m [38;2;81;97;107m│[0m                                
[48;2;154;107;18m [0m[1;38;2;255;255;255;48;2;154;107;18mCODE[0m[48;2;154;107;18m [0m  [38;2;14;116;144mC:/Users/usera/tui-agent[0m [38;2;81;97;107mabast: projecte[0m  [1;38;2;21;128;60mctx 0%[0m                                                    [1;38;2;21;128;60m≋‹••› llest[0m  [38;2;81;97;107m■[0m [38;2;81;97;107m│[0m                                